I'm sorry, but errors were detected in your script. Please correct the
errors listed below, and try again.


File "game/options.rpy", line 159: invalid syntax
        "busy": [\
         ^

Ren'Py Version: Ren'Py 8.3.4.24120703
Sat Feb  1 13:34:11 2025
